
*****************************************************************
*                          Welcome to                           *
*                           SCALE-UP                            *
*                                                               *
*            Second-Principles Computational Approach           *
*                             for                               *
*                     Lattice and Electrons                     *
*                                                               *
*                       Version:         1.0.0.Gorbea           *
*                    Build date: 20200801T181                   *
*****************************************************************
*                    SCALE-UP is property of                    *
*              the University of Cantabria (Spain)              *
*    and the Luxembourg Institute of Science and Technology     *
*****************************************************************
* Authors:                                                      *
*                                                               *
*  - Pablo Garcia-Fernandez   garciapa@unican.es                *
*  - Jorge Iñiguez            jorge.iniguez@list.lu             *
*  - Javier Junquera          junqueraj@unican.es               *
*****************************************************************
* SCALE-UP is based on two earlier programs:                    *
*                                                               *
* -  SPLD ('Second-Principles Lattice Dynamics'), developed     *
*    at the ICMAB-CSIC (Spain) by J.C. Wojdel, M.P. Ljungberg   *
*    and J. Iñiguez, and distributed under MIT license.         *
*                                                               *
* -  MKII a second-principles electron code                     *
*    developed at the University of Cantabria by                *
*    P. Garcia-Fernandez  and J. Junquera.                      *
*****************************************************************
*                                                               *
* Bibliography:                                                 *
*                                                               *
*  P. Garcia-Fernandez et al. Phys. Rev. B 93, 195137 (2016)    *
*  J. C. Wojdel et al., J. Phys. Cond. Matt. 25, 305401 (2013)  *
*****************************************************************
Reading parameter file... lattice... done!
Reading restart file     srtio3T20.restart                                                               

Basic data:
  Number of CPUs:               1
  Run mode:            Montecarlo
  Lattice:                 Active
  Electrons:           NOT Active
  External electric field, static. Field components (V/m):   0.000000E+00   0.000000E+00   0.000000E+00

Reference system:
 Supercell data:
  Lattice constants (Ang):   7.690   7.690   7.690
  Lattice angles (degree):  90.000  90.000  90.000
 Supercell size:   2   2   2

 Total number of atoms          :      40
 Total number of orbitals       :       0
 Total number of active orbitals:       0

 Atom in unit cell:
 Atom   Label       Mass  Charge 
    1   Sr         87.60     0.0
    2   Ti         47.90     0.0
    3   O          16.00     0.0
    4   O          16.00     0.0
    5   O          16.00     0.0

 Orbitals in unit cell:
 Orbital   Label  

 Background dielectric tensor:
    6.2319     0.0000     0.0000
    0.0000     6.2319    -0.0000
    0.0000    -0.0000     6.2319

Initial values (basic output MC simulation)
Energy (eV):            -0.298486E+05
Polarization (C/m2):     0.000000    0.000000    0.000000
Strain:                  0.000000    0.000000    0.000000    0.000000    0.000000    0.000000

LT:    Iter       Temp(K)    Energy(eV)   Pol_x(C/m2)   Pol_y(C/m2)   Pol_z(C/m2) Av_Pl_x(C/m2) Av_Pl_y(C/m2) Av_Pl_z(C/m2)       Strn_xx       Strn_yy       Strn_zz       Strn_yz       Strn_xz       Strn_xy    Av_Strn_xx    Av_Strn_yy    Av_Strn_zz    Av_Strn_yz    Av_Strn_xz    Av_Strn_xy 
LT:      10  0.200000E+02 -0.298485E+05 -0.714663E-02  0.205416E-01  0.547614E-02 -0.716318E-02  0.134716E-01  0.174279E-02  0.000000E+00  0.000000E+00 -0.118407E-02 -0.119480E-02  0.187031E-03  0.000000E+00  0.000000E+00  0.000000E+00 -0.724991E-03 -0.164063E-02 -0.647449E-03  0.000000E+00 
LT:      20  0.200000E+02 -0.298485E+05  0.156477E-01  0.178232E-01  0.155545E-03 -0.104123E-02  0.115280E-01  0.711182E-02  0.000000E+00  0.000000E+00 -0.407492E-03 -0.178854E-02  0.269562E-02  0.000000E+00  0.000000E+00  0.000000E+00 -0.756630E-03 -0.168262E-02  0.249124E-03  0.000000E+00 
LT:      30  0.200000E+02 -0.298485E+05  0.185226E-01  0.124590E-01  0.313624E-01  0.780618E-02  0.645847E-02  0.640299E-02  0.000000E+00  0.000000E+00  0.255822E-03 -0.195270E-02  0.105830E-02  0.000000E+00  0.000000E+00  0.000000E+00 -0.334423E-03 -0.189036E-02  0.935681E-03  0.000000E+00 
LT:      40  0.200000E+02 -0.298485E+05 -0.295547E-01 -0.958119E-02  0.314011E-02  0.904784E-03  0.520116E-02  0.730876E-02  0.000000E+00  0.000000E+00 -0.137918E-02  0.176390E-02 -0.171420E-02  0.000000E+00  0.000000E+00  0.000000E+00 -0.427268E-03 -0.131603E-02  0.612518E-03  0.000000E+00 
LT:      50  0.200000E+02 -0.298486E+05 -0.121122E-01 -0.480750E-02  0.110600E-01  0.351111E-03  0.274573E-02  0.718482E-02  0.000000E+00  0.000000E+00 -0.144961E-02  0.119551E-02  0.131085E-02  0.000000E+00  0.000000E+00  0.000000E+00 -0.528785E-03 -0.854072E-03  0.508986E-03  0.000000E+00 
LT:      60  0.200000E+02 -0.298486E+05 -0.296153E-01  0.107586E-01 -0.465442E-02 -0.549376E-02  0.263864E-02  0.422257E-02  0.000000E+00  0.000000E+00 -0.681729E-03  0.277912E-03 -0.907852E-03  0.000000E+00  0.000000E+00  0.000000E+00 -0.617101E-03 -0.831988E-03  0.285332E-03  0.000000E+00 
LT:      70  0.200000E+02 -0.298486E+05 -0.711172E-02 -0.166285E-01  0.443105E-01 -0.586495E-02  0.266655E-02  0.863592E-02  0.000000E+00  0.000000E+00 -0.184618E-02  0.237306E-02  0.397137E-02  0.000000E+00  0.000000E+00  0.000000E+00 -0.757160E-03 -0.472744E-03  0.372718E-03  0.000000E+00 
LT:      80  0.200000E+02 -0.298486E+05  0.301863E-01  0.302551E-02  0.171001E-01 -0.333013E-02  0.143890E-02  0.102789E-01  0.000000E+00  0.000000E+00 -0.170807E-02 -0.203310E-03  0.189738E-02  0.000000E+00  0.000000E+00  0.000000E+00 -0.907455E-03 -0.409152E-03  0.710133E-03  0.000000E+00 
LT:      90  0.200000E+02 -0.298486E+05  0.741983E-02 -0.296656E-03  0.249145E-01 -0.165794E-02  0.226869E-03  0.107853E-01  0.000000E+00  0.000000E+00 -0.281553E-02 -0.110335E-02 -0.453790E-03  0.000000E+00  0.000000E+00  0.000000E+00 -0.111900E-02 -0.385533E-03  0.720438E-03  0.000000E+00 
LT:     100  0.200000E+02 -0.298486E+05  0.104306E-01 -0.136522E-01 -0.475730E-01 -0.107687E-02  0.185390E-02  0.710485E-02  0.000000E+00  0.000000E+00 -0.286982E-02 -0.142245E-03  0.172110E-02  0.000000E+00  0.000000E+00  0.000000E+00 -0.133149E-02 -0.274697E-03  0.736995E-03  0.000000E+00 

Final values (basic output MC simulation)
Energy (eV):            -0.298486E+05
Polarization (C/m2):     0.010431   -0.013652   -0.047573
Strain:                  0.000000    0.000000   -0.002870   -0.000142    0.001721    0.000000

-----------------------------------------------------------------
 Backing up the input read by fdf:

System_name     srtio3T20
Print_routineinfo         5     # default value
Print_routinedepth         0     # default value
Print_inout         0     # default value
Print_interactions         0     # default value
Print_k-vectors         0     # default value
Print_energies         1     # default value
Print_wavefunctions        -1     # default value
Print_electrostatic         1     # default value
Print_orbocc         1     # default value
Print_bands        -1     # default value
Print_forces        -1     # default value
Print_detail        -1     # default value
Print_Just_Geometry        -1     # default value
Print_Velocity         0     # default value
Print_Space_Hamiltonian        -1     # default value
Print_space_denmat        -1     # default value
Print_Geometry         1     # default value
Print_geoformat     normal     # default value
Print_test_file        -1     # default value
Print_local_lattice_energy        -1     # default value
Print_local_current        -1     # default value
Print_std_electron_nsteps         1     # default value
Print_std_lattice_nsteps             10
Print_std_energy              T
Print_std_polarization              T
Print_std_current              F     # default value
Print_std_strain              T
Print_std_av_polarization              T
Print_std_av_strain              T
Print_std_av_energy              F     # default value
Print_std_delta_energy              F     # default value
Print_std_temperature              T     # default value
Print_std_maximum_force              F     # default value
Print_std_maximum_stress              F     # default value
Print_std_mdd              T     # default value
Print_std_fermi              T     # default value
Print_std_pulay              T     # default value
Print_std_neh              T     # default value
Print_std_el_pol              T     # default value
Print_std_micro              F     # default value
run_mode     monte_carlo
Print_std_mdd              F     # default value
Print_std_fermi              F     # default value
Print_std_pulay              F     # default value
Print_std_neh              F     # default value
Print_std_electron_nsteps     10000     # default value
No_electron
%block fix_strain_component
 T T F F F T
T                                                                                             T
T                                                                                             T
F                                                                                             F
F                                                                                             F
F                                                                                             F
T                                                                                             T
Parameter_file     srtio3_full_lat.xml
%block Supercell
 2 2 2
%endblock Supercell
electric_field_scale          1.000000000     v/m     # default value
%block static_electric_field
 0.0 0.0 0.0
temperature         0.1000000000E-98 kelvin     # default value
%block external_stress
 0.0 0.0 0.0 0.0 0.0 0.0
Charge_tolerance         0.1000000000E-07     # default value
Geometry_restart
Geometry_restart     srtio3T20.restart
MC_nsweeps
MC_nsweeps            100
MC_temperature
MC_temperature          20.00000000         kelvin
# above item originally: MC_temperature          20.00000000     kelvin
MC_annealing_rate          1.000000000
MC_init_step_d         0.9448629925E-01 bohr     # default value
MC_init_step_s         0.1889725985E-02 bohr     # default value
MC_max_step_d         0.9448634389           bohr
# above item originally: MC_max_step_d         0.5000000000     ang
MC_min_step_d         0.1889725985E-05 bohr     # default value
MC_target_acc_d         0.5000000000         # default value
MC_target_acc_s         0.5000000000         # default value
MC_strains              T
n_write_mc
n_write_mc             10
Print_std_lattice_nsteps
*****************************************************************
 Memory usage:
  Function             Total_memory(Mb)  Max_memory(Mb)      Node
  setup_main                     0.0256          0.0256         0
  setup_basicvariables           0.0056          0.0056         0
  setup_latt_hamil               0.0014          0.0014         0
  setup_init_data_node           0.0256          0.0256         0
  hel_setup_structfactors        0.0256          0.0256         0
  hlt_create_supercell           0.0014          0.0014         0

 Timing statistics (seconds)
  Function                       Wall   Max_Wall    Max_CPU  Node
  setup_main                     3.75       3.75       3.74     0
  setup_readinput                3.53       3.53       3.52     0
  montecarlo_main                0.21       0.21       0.21     0
  montecarlo_sweep               0.20       0.20       0.20     0
  io_readparameterfile           3.53       3.53       3.52     0
  setup_latt_hamil               0.22       0.22       0.22     0
  hlt_add_harmonic_didi          0.22       0.22       0.22     0

 Total memory usage:     0.03 MB
 Total WALL:           3.962 seconds
*****************************************************************
*                                                               *
*               Succesfully ending SCALE-UP                     *
*                                                               *
*****************************************************************
