
*****************************************************************
*                          Welcome to                           *
*                           SCALE-UP                            *
*                                                               *
*            Second-Principles Computational Approach           *
*                             for                               *
*                     Lattice and Electrons                     *
*                                                               *
*                       Version:         1.0.0.Gorbea           *
*                    Build date: 20200801T181                   *
*****************************************************************
*                    SCALE-UP is property of                    *
*              the University of Cantabria (Spain)              *
*    and the Luxembourg Institute of Science and Technology     *
*****************************************************************
* Authors:                                                      *
*                                                               *
*  - Pablo Garcia-Fernandez   garciapa@unican.es                *
*  - Jorge Iñiguez            jorge.iniguez@list.lu             *
*  - Javier Junquera          junqueraj@unican.es               *
*****************************************************************
* SCALE-UP is based on two earlier programs:                    *
*                                                               *
* -  SPLD ('Second-Principles Lattice Dynamics'), developed     *
*    at the ICMAB-CSIC (Spain) by J.C. Wojdel, M.P. Ljungberg   *
*    and J. Iñiguez, and distributed under MIT license.         *
*                                                               *
* -  MKII a second-principles electron code                     *
*    developed at the University of Cantabria by                *
*    P. Garcia-Fernandez  and J. Junquera.                      *
*****************************************************************
*                                                               *
* Bibliography:                                                 *
*                                                               *
*  P. Garcia-Fernandez et al. Phys. Rev. B 93, 195137 (2016)    *
*  J. C. Wojdel et al., J. Phys. Cond. Matt. 25, 305401 (2013)  *
*****************************************************************
Reading parameter file... lattice... done!
Reading restart file     srtio3T40.restart                                                               

Basic data:
  Number of CPUs:               1
  Run mode:            Montecarlo
  Lattice:                 Active
  Electrons:           NOT Active
  External electric field, static. Field components (V/m):   0.000000E+00   0.000000E+00   0.000000E+00

Reference system:
 Supercell data:
  Lattice constants (Ang):   7.690   7.690   7.690
  Lattice angles (degree):  90.000  90.000  90.000
 Supercell size:   2   2   2

 Total number of atoms          :      40
 Total number of orbitals       :       0
 Total number of active orbitals:       0

 Atom in unit cell:
 Atom   Label       Mass  Charge 
    1   Sr         87.60     0.0
    2   Ti         47.90     0.0
    3   O          16.00     0.0
    4   O          16.00     0.0
    5   O          16.00     0.0

 Orbitals in unit cell:
 Orbital   Label  

 Background dielectric tensor:
    6.2319     0.0000     0.0000
    0.0000     6.2319    -0.0000
    0.0000    -0.0000     6.2319

Initial values (basic output MC simulation)
Energy (eV):            -0.298486E+05
Polarization (C/m2):     0.000000    0.000000    0.000000
Strain:                  0.000000    0.000000    0.000000    0.000000    0.000000    0.000000

LT:    Iter       Temp(K)    Energy(eV)   Pol_x(C/m2)   Pol_y(C/m2)   Pol_z(C/m2) Av_Pl_x(C/m2) Av_Pl_y(C/m2) Av_Pl_z(C/m2)       Strn_xx       Strn_yy       Strn_zz       Strn_yz       Strn_xz       Strn_xy    Av_Strn_xx    Av_Strn_yy    Av_Strn_zz    Av_Strn_yz    Av_Strn_xz    Av_Strn_xy 
LT:      10  0.400000E+02 -0.298484E+05  0.280524E-01 -0.293980E-01 -0.934983E-03  0.154441E-01  0.164868E-02 -0.153773E-01  0.000000E+00  0.000000E+00  0.304250E-03  0.140397E-02  0.131934E-02  0.000000E+00  0.000000E+00  0.000000E+00  0.440260E-03  0.670135E-04  0.324440E-03  0.000000E+00 
LT:      20  0.400000E+02 -0.298484E+05  0.206761E-01 -0.608005E-01 -0.295082E-01  0.254858E-01 -0.241419E-01 -0.156371E-01  0.000000E+00  0.000000E+00  0.203642E-03  0.634491E-03  0.102397E-02  0.000000E+00  0.000000E+00  0.000000E+00  0.522993E-03  0.462268E-03  0.572125E-03  0.000000E+00 
LT:      30  0.400000E+02 -0.298484E+05  0.416442E-01 -0.650274E-01 -0.157452E-01  0.236424E-01 -0.304488E-01 -0.134954E-01  0.000000E+00  0.000000E+00  0.250906E-02 -0.599083E-03  0.244149E-02  0.000000E+00  0.000000E+00  0.000000E+00  0.889246E-03  0.376529E-03  0.739183E-03  0.000000E+00 
LT:      40  0.400000E+02 -0.298484E+05  0.231606E-01 -0.197944E-01  0.496297E-02  0.307623E-01 -0.347250E-01 -0.114122E-01  0.000000E+00  0.000000E+00  0.155547E-02 -0.659909E-03  0.960650E-03  0.000000E+00  0.000000E+00  0.000000E+00  0.120424E-02  0.163077E-03  0.763642E-03  0.000000E+00 
LT:      50  0.400000E+02 -0.298484E+05  0.210226E-02  0.891195E-02 -0.108008E-01  0.255677E-01 -0.295724E-01 -0.970054E-02  0.000000E+00  0.000000E+00  0.229889E-02 -0.850097E-03 -0.607976E-03  0.000000E+00  0.000000E+00  0.000000E+00  0.117371E-02  0.709131E-05  0.705436E-03  0.000000E+00 
LT:      60  0.400000E+02 -0.298485E+05 -0.614532E-02  0.111690E-01  0.560531E-02  0.211006E-01 -0.228424E-01 -0.555329E-02  0.000000E+00  0.000000E+00 -0.650280E-03 -0.985903E-03 -0.413373E-03  0.000000E+00  0.000000E+00  0.000000E+00  0.117284E-02 -0.871901E-04  0.524662E-03  0.000000E+00 
LT:      70  0.400000E+02 -0.298485E+05  0.454162E-01  0.656159E-02  0.306941E-01  0.210347E-01 -0.170754E-01 -0.232457E-02  0.000000E+00  0.000000E+00 -0.241318E-02 -0.103661E-02 -0.149666E-02  0.000000E+00  0.000000E+00  0.000000E+00  0.830634E-03 -0.301393E-03  0.333550E-03  0.000000E+00 
LT:      80  0.400000E+02 -0.298485E+05  0.424999E-01  0.276034E-01  0.338608E-01  0.247499E-01 -0.142189E-01  0.230084E-03  0.000000E+00  0.000000E+00 -0.336366E-02  0.226246E-02 -0.199700E-02  0.000000E+00  0.000000E+00  0.000000E+00  0.439550E-03 -0.100727E-03  0.867367E-04  0.000000E+00 
LT:      90  0.400000E+02 -0.298485E+05  0.301314E-01  0.322319E-01  0.155191E-01  0.262463E-01 -0.120862E-01  0.262962E-02  0.000000E+00  0.000000E+00 -0.163582E-02 -0.178740E-02 -0.118892E-02  0.000000E+00  0.000000E+00  0.000000E+00  0.735946E-04 -0.453131E-04 -0.157564E-03  0.000000E+00 
LT:     100  0.400000E+02 -0.298485E+05 -0.203803E-03 -0.300805E-01 -0.224997E-02  0.256254E-01 -0.117261E-01  0.311551E-02  0.000000E+00  0.000000E+00 -0.289600E-02  0.150581E-02 -0.595496E-02  0.000000E+00  0.000000E+00  0.000000E+00 -0.598311E-04  0.154995E-04 -0.523430E-03  0.000000E+00 

Final values (basic output MC simulation)
Energy (eV):            -0.298485E+05
Polarization (C/m2):    -0.000204   -0.030081   -0.002250
Strain:                  0.000000    0.000000   -0.002896    0.001506   -0.005955    0.000000

-----------------------------------------------------------------
 Backing up the input read by fdf:

System_name     srtio3T40
Print_routineinfo         5     # default value
Print_routinedepth         0     # default value
Print_inout         0     # default value
Print_interactions         0     # default value
Print_k-vectors         0     # default value
Print_energies         1     # default value
Print_wavefunctions        -1     # default value
Print_electrostatic         1     # default value
Print_orbocc         1     # default value
Print_bands        -1     # default value
Print_forces        -1     # default value
Print_detail        -1     # default value
Print_Just_Geometry        -1     # default value
Print_Velocity         0     # default value
Print_Space_Hamiltonian        -1     # default value
Print_space_denmat        -1     # default value
Print_Geometry         1     # default value
Print_geoformat     normal     # default value
Print_test_file        -1     # default value
Print_local_lattice_energy        -1     # default value
Print_local_current        -1     # default value
Print_std_electron_nsteps         1     # default value
Print_std_lattice_nsteps             10
Print_std_energy              T
Print_std_polarization              T
Print_std_current              F     # default value
Print_std_strain              T
Print_std_av_polarization              T
Print_std_av_strain              T
Print_std_av_energy              F     # default value
Print_std_delta_energy              F     # default value
Print_std_temperature              T     # default value
Print_std_maximum_force              F     # default value
Print_std_maximum_stress              F     # default value
Print_std_mdd              T     # default value
Print_std_fermi              T     # default value
Print_std_pulay              T     # default value
Print_std_neh              T     # default value
Print_std_el_pol              T     # default value
Print_std_micro              F     # default value
run_mode     monte_carlo
Print_std_mdd              F     # default value
Print_std_fermi              F     # default value
Print_std_pulay              F     # default value
Print_std_neh              F     # default value
Print_std_electron_nsteps     10000     # default value
No_electron
%block fix_strain_component
 T T F F F T
T                                                                                             T
T                                                                                             T
F                                                                                             F
F                                                                                             F
F                                                                                             F
T                                                                                             T
Parameter_file     srtio3_full_lat.xml
%block Supercell
 2 2 2
%endblock Supercell
electric_field_scale          1.000000000     v/m     # default value
%block static_electric_field
 0.0 0.0 0.0
temperature         0.1000000000E-98 kelvin     # default value
%block external_stress
 0.0 0.0 0.0 0.0 0.0 0.0
Charge_tolerance         0.1000000000E-07     # default value
Geometry_restart
Geometry_restart     srtio3T40.restart
MC_nsweeps
MC_nsweeps            100
MC_temperature
MC_temperature          40.00000000         kelvin
# above item originally: MC_temperature          40.00000000     kelvin
MC_annealing_rate          1.000000000
MC_init_step_d         0.9448629925E-01 bohr     # default value
MC_init_step_s         0.1889725985E-02 bohr     # default value
MC_max_step_d         0.9448634389           bohr
# above item originally: MC_max_step_d         0.5000000000     ang
MC_min_step_d         0.1889725985E-05 bohr     # default value
MC_target_acc_d         0.5000000000         # default value
MC_target_acc_s         0.5000000000         # default value
MC_strains              T
n_write_mc
n_write_mc             10
Print_std_lattice_nsteps
*****************************************************************
 Memory usage:
  Function             Total_memory(Mb)  Max_memory(Mb)      Node
  setup_main                     0.0256          0.0256         0
  setup_basicvariables           0.0056          0.0056         0
  setup_latt_hamil               0.0014          0.0014         0
  setup_init_data_node           0.0256          0.0256         0
  hel_setup_structfactors        0.0256          0.0256         0
  hlt_create_supercell           0.0014          0.0014         0

 Timing statistics (seconds)
  Function                       Wall   Max_Wall    Max_CPU  Node
  setup_main                     3.74       3.74       3.73     0
  setup_readinput                3.52       3.52       3.51     0
  montecarlo_main                0.21       0.21       0.21     0
  montecarlo_sweep               0.21       0.21       0.21     0
  io_readparameterfile           3.52       3.52       3.51     0
  setup_latt_hamil               0.22       0.22       0.22     0
  hlt_add_harmonic_didi          0.22       0.22       0.22     0

 Total memory usage:     0.03 MB
 Total WALL:           3.957 seconds
*****************************************************************
*                                                               *
*               Succesfully ending SCALE-UP                     *
*                                                               *
*****************************************************************
