
*****************************************************************
*                          Welcome to                           *
*                           SCALE-UP                            *
*                                                               *
*            Second-Principles Computational Approach           *
*                             for                               *
*                     Lattice and Electrons                     *
*                                                               *
*                       Version:         1.0.0.Gorbea           *
*                    Build date: 20200801T181                   *
*****************************************************************
*                    SCALE-UP is property of                    *
*              the University of Cantabria (Spain)              *
*    and the Luxembourg Institute of Science and Technology     *
*****************************************************************
* Authors:                                                      *
*                                                               *
*  - Pablo Garcia-Fernandez   garciapa@unican.es                *
*  - Jorge Iñiguez            jorge.iniguez@list.lu             *
*  - Javier Junquera          junqueraj@unican.es               *
*****************************************************************
* SCALE-UP is based on two earlier programs:                    *
*                                                               *
* -  SPLD ('Second-Principles Lattice Dynamics'), developed     *
*    at the ICMAB-CSIC (Spain) by J.C. Wojdel, M.P. Ljungberg   *
*    and J. Iñiguez, and distributed under MIT license.         *
*                                                               *
* -  MKII a second-principles electron code                     *
*    developed at the University of Cantabria by                *
*    P. Garcia-Fernandez  and J. Junquera.                      *
*****************************************************************
*                                                               *
* Bibliography:                                                 *
*                                                               *
*  P. Garcia-Fernandez et al. Phys. Rev. B 93, 195137 (2016)    *
*  J. C. Wojdel et al., J. Phys. Cond. Matt. 25, 305401 (2013)  *
*****************************************************************
Reading parameter file... lattice... done!
Reading restart file     srtio3T60.restart                                                               

Basic data:
  Number of CPUs:               1
  Run mode:            Montecarlo
  Lattice:                 Active
  Electrons:           NOT Active
  External electric field, static. Field components (V/m):   0.000000E+00   0.000000E+00   0.000000E+00

Reference system:
 Supercell data:
  Lattice constants (Ang):   7.690   7.690   7.690
  Lattice angles (degree):  90.000  90.000  90.000
 Supercell size:   2   2   2

 Total number of atoms          :      40
 Total number of orbitals       :       0
 Total number of active orbitals:       0

 Atom in unit cell:
 Atom   Label       Mass  Charge 
    1   Sr         87.60     0.0
    2   Ti         47.90     0.0
    3   O          16.00     0.0
    4   O          16.00     0.0
    5   O          16.00     0.0

 Orbitals in unit cell:
 Orbital   Label  

 Background dielectric tensor:
    6.2319     0.0000     0.0000
    0.0000     6.2319    -0.0000
    0.0000    -0.0000     6.2319

Initial values (basic output MC simulation)
Energy (eV):            -0.298472E+05
Polarization (C/m2):     0.000000    0.000000    0.000000
Strain:                 -0.030000   -0.030000    0.000000    0.000000    0.000000    0.000000

LT:    Iter       Temp(K)    Energy(eV)   Pol_x(C/m2)   Pol_y(C/m2)   Pol_z(C/m2) Av_Pl_x(C/m2) Av_Pl_y(C/m2) Av_Pl_z(C/m2)       Strn_xx       Strn_yy       Strn_zz       Strn_yz       Strn_xz       Strn_xy    Av_Strn_xx    Av_Strn_yy    Av_Strn_zz    Av_Strn_yz    Av_Strn_xz    Av_Strn_xy 
LT:      10  0.600000E+02 -0.298470E+05  0.101392E-01 -0.205442E-01  0.649007E-02  0.135946E-01 -0.702084E-02  0.310134E-01 -0.300000E-01 -0.300000E-01  0.643959E-03  0.126318E-02 -0.910512E-03  0.000000E+00 -0.330000E-01 -0.330000E-01  0.136010E-03  0.715507E-03 -0.508448E-03  0.000000E+00 
LT:      20  0.600000E+02 -0.298470E+05  0.586902E-02 -0.615048E-01 -0.150679E-01  0.165935E-01 -0.210340E-01  0.159741E-01 -0.300000E-01 -0.300000E-01  0.371532E-02  0.310904E-03  0.294161E-03  0.000000E+00 -0.315000E-01 -0.315000E-01  0.143227E-02  0.681418E-03 -0.252665E-03  0.000000E+00 
LT:      30  0.600000E+02 -0.298471E+05 -0.557725E-02 -0.266638E-01 -0.469139E-01  0.118510E-01 -0.251326E-01 -0.238058E-02 -0.300000E-01 -0.300000E-01  0.468148E-02  0.173797E-02 -0.126167E-02  0.000000E+00 -0.310000E-01 -0.310000E-01  0.228198E-02  0.662725E-03 -0.217010E-05  0.000000E+00 
LT:      40  0.600000E+02 -0.298471E+05  0.700665E-03 -0.144516E-01 -0.521398E-01  0.132681E-01 -0.202251E-01 -0.106918E-01 -0.300000E-01 -0.300000E-01  0.699790E-02  0.804239E-03 -0.225983E-02  0.000000E+00 -0.307500E-01 -0.307500E-01  0.314280E-02  0.667439E-03 -0.354266E-03  0.000000E+00 
LT:      50  0.600000E+02 -0.298471E+05  0.355756E-02  0.173913E-02 -0.105294E+00  0.110103E-01 -0.169057E-01 -0.287341E-01 -0.300000E-01 -0.300000E-01  0.940813E-02  0.111432E-02 -0.662493E-03  0.000000E+00 -0.306000E-01 -0.306000E-01  0.408226E-02  0.645940E-03 -0.415430E-03  0.000000E+00 
LT:      60  0.600000E+02 -0.298472E+05 -0.995227E-02 -0.215436E-01 -0.316922E-01  0.911561E-02 -0.120532E-01 -0.344110E-01 -0.300000E-01 -0.300000E-01  0.120852E-01 -0.648111E-03 -0.435950E-02  0.000000E+00 -0.305000E-01 -0.305000E-01  0.521390E-02  0.596317E-03 -0.100058E-02  0.000000E+00 
LT:      70  0.600000E+02 -0.298472E+05  0.651829E-03 -0.598220E-01 -0.555284E-01  0.736341E-02 -0.158950E-01 -0.362843E-01 -0.300000E-01 -0.300000E-01  0.159074E-01 -0.116012E-02 -0.210693E-02  0.000000E+00 -0.304286E-01 -0.304286E-01  0.675440E-02  0.176404E-03 -0.149161E-02  0.000000E+00 
LT:      80  0.600000E+02 -0.298473E+05 -0.308871E-01  0.237125E-02 -0.948288E-01  0.521113E-02 -0.186915E-01 -0.404176E-01 -0.300000E-01 -0.300000E-01  0.176441E-01 -0.672634E-03  0.264227E-02  0.000000E+00 -0.303750E-01 -0.303750E-01  0.819973E-02  0.281812E-03 -0.134004E-02  0.000000E+00 
LT:      90  0.600000E+02 -0.298474E+05 -0.507015E-02 -0.105076E-01 -0.451255E-01  0.298768E-02 -0.149524E-01 -0.464379E-01 -0.300000E-01 -0.300000E-01  0.159774E-01 -0.505457E-03  0.656697E-02  0.000000E+00 -0.303333E-01 -0.303333E-01  0.912688E-02  0.443279E-03 -0.664640E-03  0.000000E+00 
LT:     100  0.600000E+02 -0.298476E+05  0.205996E-01 -0.269134E-01 -0.331070E-01  0.401941E-02 -0.149728E-01 -0.454902E-01 -0.300000E-01 -0.300000E-01  0.147514E-01 -0.745030E-02  0.407722E-02  0.000000E+00 -0.303000E-01 -0.303000E-01  0.983741E-02 -0.718062E-04  0.344798E-04  0.000000E+00 

Final values (basic output MC simulation)
Energy (eV):            -0.298476E+05
Polarization (C/m2):     0.020600   -0.026913   -0.033107
Strain:                 -0.030000   -0.030000    0.014751   -0.007450    0.004077    0.000000

-----------------------------------------------------------------
 Backing up the input read by fdf:

System_name     srtio3T60
Print_routineinfo         5     # default value
Print_routinedepth         0     # default value
Print_inout         0     # default value
Print_interactions         0     # default value
Print_k-vectors         0     # default value
Print_energies         1     # default value
Print_wavefunctions        -1     # default value
Print_electrostatic         1     # default value
Print_orbocc         1     # default value
Print_bands        -1     # default value
Print_forces        -1     # default value
Print_detail        -1     # default value
Print_Just_Geometry        -1     # default value
Print_Velocity         0     # default value
Print_Space_Hamiltonian        -1     # default value
Print_space_denmat        -1     # default value
Print_Geometry         1     # default value
Print_geoformat     normal     # default value
Print_test_file        -1     # default value
Print_local_lattice_energy        -1     # default value
Print_local_current        -1     # default value
Print_std_electron_nsteps         1     # default value
Print_std_lattice_nsteps             10
Print_std_energy              T
Print_std_polarization              T
Print_std_current              F     # default value
Print_std_strain              T
Print_std_av_polarization              T
Print_std_av_strain              T
Print_std_av_energy              F     # default value
Print_std_delta_energy              F     # default value
Print_std_temperature              T     # default value
Print_std_maximum_force              F     # default value
Print_std_maximum_stress              F     # default value
Print_std_mdd              T     # default value
Print_std_fermi              T     # default value
Print_std_pulay              T     # default value
Print_std_neh              T     # default value
Print_std_el_pol              T     # default value
Print_std_micro              F     # default value
run_mode     monte_carlo
Print_std_mdd              F     # default value
Print_std_fermi              F     # default value
Print_std_pulay              F     # default value
Print_std_neh              F     # default value
Print_std_electron_nsteps     10000     # default value
No_electron
%block fix_strain_component
 T T F F F T
T                                                                                             T
T                                                                                             T
F                                                                                             F
F                                                                                             F
F                                                                                             F
T                                                                                             T
Parameter_file     srtio3_full_lat.xml
%block Supercell
 2 2 2
%endblock Supercell
electric_field_scale          1.000000000     v/m     # default value
%block static_electric_field
 0.0 0.0 0.0
temperature         0.1000000000E-98 kelvin     # default value
%block external_stress
 0.0 0.0 0.0 0.0 0.0 0.0
Charge_tolerance         0.1000000000E-07     # default value
Geometry_restart
Geometry_restart     srtio3T60.restart
MC_nsweeps
MC_nsweeps            100
MC_temperature
MC_temperature          60.00000000         kelvin
# above item originally: MC_temperature          60.00000000     kelvin
MC_annealing_rate          1.000000000
MC_init_step_d         0.9448629925E-01 bohr     # default value
MC_init_step_s         0.1889725985E-02 bohr     # default value
MC_max_step_d         0.9448634389           bohr
# above item originally: MC_max_step_d         0.5000000000     ang
MC_min_step_d         0.1889725985E-05 bohr     # default value
MC_target_acc_d         0.5000000000         # default value
MC_target_acc_s         0.5000000000         # default value
MC_strains              T
n_write_mc
n_write_mc             10
Print_std_lattice_nsteps
*****************************************************************
 Memory usage:
  Function             Total_memory(Mb)  Max_memory(Mb)      Node
  setup_main                     0.0256          0.0256         0
  setup_basicvariables           0.0056          0.0056         0
  setup_latt_hamil               0.0014          0.0014         0
  setup_init_data_node           0.0256          0.0256         0
  hel_setup_structfactors        0.0256          0.0256         0
  hlt_create_supercell           0.0014          0.0014         0

 Timing statistics (seconds)
  Function                       Wall   Max_Wall    Max_CPU  Node
  setup_main                     3.71       3.71       3.70     0
  setup_readinput                3.48       3.48       3.48     0
  montecarlo_main                0.21       0.21       0.21     0
  montecarlo_sweep               0.20       0.20       0.20     0
  io_readparameterfile           3.48       3.48       3.48     0
  setup_latt_hamil               0.22       0.22       0.22     0
  hlt_add_harmonic_didi          0.22       0.22       0.22     0

 Total memory usage:     0.03 MB
 Total WALL:           3.914 seconds
*****************************************************************
*                                                               *
*               Succesfully ending SCALE-UP                     *
*                                                               *
*****************************************************************
