
*****************************************************************
*                          Welcome to                           *
*                           SCALE-UP                            *
*                                                               *
*            Second-Principles Computational Approach           *
*                             for                               *
*                     Lattice and Electrons                     *
*                                                               *
*                       Version:         1.0.0.Gorbea           *
*                    Build date: 20200801T181                   *
*****************************************************************
*                    SCALE-UP is property of                    *
*              the University of Cantabria (Spain)              *
*    and the Luxembourg Institute of Science and Technology     *
*****************************************************************
* Authors:                                                      *
*                                                               *
*  - Pablo Garcia-Fernandez   garciapa@unican.es                *
*  - Jorge Iñiguez            jorge.iniguez@list.lu             *
*  - Javier Junquera          junqueraj@unican.es               *
*****************************************************************
* SCALE-UP is based on two earlier programs:                    *
*                                                               *
* -  SPLD ('Second-Principles Lattice Dynamics'), developed     *
*    at the ICMAB-CSIC (Spain) by J.C. Wojdel, M.P. Ljungberg   *
*    and J. Iñiguez, and distributed under MIT license.         *
*                                                               *
* -  MKII a second-principles electron code                     *
*    developed at the University of Cantabria by                *
*    P. Garcia-Fernandez  and J. Junquera.                      *
*****************************************************************
*                                                               *
* Bibliography:                                                 *
*                                                               *
*  P. Garcia-Fernandez et al. Phys. Rev. B 93, 195137 (2016)    *
*  J. C. Wojdel et al., J. Phys. Cond. Matt. 25, 305401 (2013)  *
*****************************************************************
Reading parameter file... lattice... done!
Reading restart file     srtio3T40.restart                                                               

Basic data:
  Number of CPUs:               1
  Run mode:            Montecarlo
  Lattice:                 Active
  Electrons:           NOT Active
  External electric field, static. Field components (V/m):   0.000000E+00   0.000000E+00   0.000000E+00

Reference system:
 Supercell data:
  Lattice constants (Ang):   7.690   7.690   7.690
  Lattice angles (degree):  90.000  90.000  90.000
 Supercell size:   2   2   2

 Total number of atoms          :      40
 Total number of orbitals       :       0
 Total number of active orbitals:       0

 Atom in unit cell:
 Atom   Label       Mass  Charge 
    1   Sr         87.60     0.0
    2   Ti         47.90     0.0
    3   O          16.00     0.0
    4   O          16.00     0.0
    5   O          16.00     0.0

 Orbitals in unit cell:
 Orbital   Label  

 Background dielectric tensor:
    6.2319     0.0000     0.0000
    0.0000     6.2319    -0.0000
    0.0000    -0.0000     6.2319

Initial values (basic output MC simulation)
Energy (eV):            -0.298472E+05
Polarization (C/m2):     0.000000    0.000000    0.000000
Strain:                  0.030000    0.030000    0.000000    0.000000    0.000000    0.000000

LT:    Iter       Temp(K)    Energy(eV)   Pol_x(C/m2)   Pol_y(C/m2)   Pol_z(C/m2) Av_Pl_x(C/m2) Av_Pl_y(C/m2) Av_Pl_z(C/m2)       Strn_xx       Strn_yy       Strn_zz       Strn_yz       Strn_xz       Strn_xy    Av_Strn_xx    Av_Strn_yy    Av_Strn_zz    Av_Strn_yz    Av_Strn_xz    Av_Strn_xy 
LT:      10  0.400000E+02 -0.298471E+05  0.211256E-01 -0.463417E-01  0.108964E-01  0.699102E-02 -0.229218E-01  0.119790E-01  0.300000E-01  0.300000E-01 -0.203085E-03 -0.355207E-02  0.633183E-03  0.000000E+00  0.330000E-01  0.330000E-01 -0.373445E-03 -0.246128E-02  0.360938E-03  0.000000E+00 
LT:      20  0.400000E+02 -0.298471E+05 -0.480109E-01 -0.964418E-01  0.147899E-01 -0.644757E-02 -0.487425E-01  0.109796E-01  0.300000E-01  0.300000E-01 -0.286652E-02  0.229663E-02 -0.614369E-03  0.000000E+00  0.315000E-01  0.315000E-01 -0.831189E-03 -0.157779E-02 -0.307172E-03  0.000000E+00 
LT:      30  0.400000E+02 -0.298472E+05 -0.258786E-01 -0.188106E+00  0.757860E-02 -0.193242E-01 -0.828635E-01  0.991896E-02  0.300000E-01  0.300000E-01 -0.463219E-02  0.437406E-02 -0.557413E-04  0.000000E+00  0.310000E-01  0.310000E-01 -0.190663E-02 -0.167006E-03 -0.198787E-03  0.000000E+00 
LT:      40  0.400000E+02 -0.298472E+05 -0.379628E-01 -0.195756E+00 -0.202057E-01 -0.187902E-01 -0.116572E+00  0.828426E-02  0.300000E-01  0.300000E-01 -0.764826E-02  0.553060E-02 -0.670697E-03  0.000000E+00  0.307500E-01  0.307500E-01 -0.309624E-02  0.115156E-02 -0.360268E-03  0.000000E+00 
LT:      50  0.400000E+02 -0.298473E+05 -0.436392E-01 -0.221914E+00  0.919076E-02 -0.216633E-01 -0.133094E+00  0.845055E-02  0.300000E-01  0.300000E-01 -0.100848E-01  0.461000E-02  0.261918E-02  0.000000E+00  0.306000E-01  0.306000E-01 -0.439578E-02  0.195636E-02  0.670721E-04  0.000000E+00 
LT:      60  0.400000E+02 -0.298473E+05 -0.726493E-01 -0.224477E+00 -0.957325E-02 -0.300091E-01 -0.147270E+00  0.691241E-02  0.300000E-01  0.300000E-01 -0.103365E-01  0.490427E-02 -0.132719E-02  0.000000E+00  0.305000E-01  0.305000E-01 -0.530091E-02  0.228211E-02  0.194765E-03  0.000000E+00 
LT:      70  0.400000E+02 -0.298473E+05 -0.871290E-01 -0.219451E+00 -0.357402E-01 -0.363230E-01 -0.158818E+00  0.323221E-02  0.300000E-01  0.300000E-01 -0.118205E-01  0.602195E-02 -0.908452E-03  0.000000E+00  0.304286E-01  0.304286E-01 -0.624358E-02  0.273641E-02  0.103643E-03  0.000000E+00 
LT:      80  0.400000E+02 -0.298473E+05 -0.166996E+00 -0.185628E+00 -0.432089E-01 -0.508122E-01 -0.164583E+00 -0.117221E-02  0.300000E-01  0.300000E-01 -0.148072E-01  0.560148E-03  0.216342E-02  0.000000E+00  0.303750E-01  0.303750E-01 -0.723845E-02  0.289306E-02  0.114612E-03  0.000000E+00 
LT:      90  0.400000E+02 -0.298474E+05 -0.202869E+00 -0.183227E+00  0.292706E-01 -0.649402E-01 -0.165702E+00 -0.162098E-02  0.300000E-01  0.300000E-01 -0.203801E-01 -0.660428E-02 -0.692126E-03  0.000000E+00  0.303333E-01  0.303333E-01 -0.845390E-02  0.206030E-02  0.208878E-03  0.000000E+00 
LT:     100  0.400000E+02 -0.298475E+05 -0.243675E+00 -0.235905E+00  0.256789E-01 -0.795827E-01 -0.171775E+00 -0.397838E-03  0.300000E-01  0.300000E-01 -0.189419E-01  0.374205E-02 -0.832060E-03  0.000000E+00  0.303000E-01  0.303000E-01 -0.950924E-02  0.185183E-02  0.308229E-03  0.000000E+00 

Final values (basic output MC simulation)
Energy (eV):            -0.298475E+05
Polarization (C/m2):    -0.243675   -0.235905    0.025679
Strain:                  0.030000    0.030000   -0.018942    0.003742   -0.000832    0.000000

-----------------------------------------------------------------
 Backing up the input read by fdf:

System_name     srtio3T40
Print_routineinfo         5     # default value
Print_routinedepth         0     # default value
Print_inout         0     # default value
Print_interactions         0     # default value
Print_k-vectors         0     # default value
Print_energies         1     # default value
Print_wavefunctions        -1     # default value
Print_electrostatic         1     # default value
Print_orbocc         1     # default value
Print_bands        -1     # default value
Print_forces        -1     # default value
Print_detail        -1     # default value
Print_Just_Geometry        -1     # default value
Print_Velocity         0     # default value
Print_Space_Hamiltonian        -1     # default value
Print_space_denmat        -1     # default value
Print_Geometry         1     # default value
Print_geoformat     normal     # default value
Print_test_file        -1     # default value
Print_local_lattice_energy        -1     # default value
Print_local_current        -1     # default value
Print_std_electron_nsteps         1     # default value
Print_std_lattice_nsteps             10
Print_std_energy              T
Print_std_polarization              T
Print_std_current              F     # default value
Print_std_strain              T
Print_std_av_polarization              T
Print_std_av_strain              T
Print_std_av_energy              F     # default value
Print_std_delta_energy              F     # default value
Print_std_temperature              T     # default value
Print_std_maximum_force              F     # default value
Print_std_maximum_stress              F     # default value
Print_std_mdd              T     # default value
Print_std_fermi              T     # default value
Print_std_pulay              T     # default value
Print_std_neh              T     # default value
Print_std_el_pol              T     # default value
Print_std_micro              F     # default value
run_mode     monte_carlo
Print_std_mdd              F     # default value
Print_std_fermi              F     # default value
Print_std_pulay              F     # default value
Print_std_neh              F     # default value
Print_std_electron_nsteps     10000     # default value
No_electron
%block fix_strain_component
 T T F F F T
T                                                                                             T
T                                                                                             T
F                                                                                             F
F                                                                                             F
F                                                                                             F
T                                                                                             T
Parameter_file     srtio3_full_lat.xml
%block Supercell
 2 2 2
%endblock Supercell
electric_field_scale          1.000000000     v/m     # default value
%block static_electric_field
 0.0 0.0 0.0
temperature         0.1000000000E-98 kelvin     # default value
%block external_stress
 0.0 0.0 0.0 0.0 0.0 0.0
Charge_tolerance         0.1000000000E-07     # default value
Geometry_restart
Geometry_restart     srtio3T40.restart
MC_nsweeps
MC_nsweeps            100
MC_temperature
MC_temperature          40.00000000         kelvin
# above item originally: MC_temperature          40.00000000     kelvin
MC_annealing_rate          1.000000000
MC_init_step_d         0.9448629925E-01 bohr     # default value
MC_init_step_s         0.1889725985E-02 bohr     # default value
MC_max_step_d         0.9448634389           bohr
# above item originally: MC_max_step_d         0.5000000000     ang
MC_min_step_d         0.1889725985E-05 bohr     # default value
MC_target_acc_d         0.5000000000         # default value
MC_target_acc_s         0.5000000000         # default value
MC_strains              T
n_write_mc
n_write_mc             10
Print_std_lattice_nsteps
*****************************************************************
 Memory usage:
  Function             Total_memory(Mb)  Max_memory(Mb)      Node
  setup_main                     0.0256          0.0256         0
  setup_basicvariables           0.0056          0.0056         0
  setup_latt_hamil               0.0014          0.0014         0
  setup_init_data_node           0.0256          0.0256         0
  hel_setup_structfactors        0.0256          0.0256         0
  hlt_create_supercell           0.0014          0.0014         0

 Timing statistics (seconds)
  Function                       Wall   Max_Wall    Max_CPU  Node
  setup_main                     3.72       3.72       3.72     0
  setup_readinput                3.51       3.51       3.50     0
  montecarlo_main                0.21       0.21       0.21     0
  montecarlo_sweep               0.20       0.20       0.20     0
  io_readparameterfile           3.50       3.50       3.50     0
  setup_latt_hamil               0.22       0.22       0.22     0
  hlt_add_harmonic_didi          0.22       0.22       0.22     0

 Total memory usage:     0.03 MB
 Total WALL:           3.931 seconds
*****************************************************************
*                                                               *
*               Succesfully ending SCALE-UP                     *
*                                                               *
*****************************************************************
