
*****************************************************************
*                          Welcome to                           *
*                           SCALE-UP                            *
*                                                               *
*            Second-Principles Computational Approach           *
*                             for                               *
*                     Lattice and Electrons                     *
*                                                               *
*                       Version:         1.0.0.Gorbea           *
*                    Build date: 20200801T181                   *
*****************************************************************
*                    SCALE-UP is property of                    *
*              the University of Cantabria (Spain)              *
*    and the Luxembourg Institute of Science and Technology     *
*****************************************************************
* Authors:                                                      *
*                                                               *
*  - Pablo Garcia-Fernandez   garciapa@unican.es                *
*  - Jorge Iñiguez            jorge.iniguez@list.lu             *
*  - Javier Junquera          junqueraj@unican.es               *
*****************************************************************
* SCALE-UP is based on two earlier programs:                    *
*                                                               *
* -  SPLD ('Second-Principles Lattice Dynamics'), developed     *
*    at the ICMAB-CSIC (Spain) by J.C. Wojdel, M.P. Ljungberg   *
*    and J. Iñiguez, and distributed under MIT license.         *
*                                                               *
* -  MKII a second-principles electron code                     *
*    developed at the University of Cantabria by                *
*    P. Garcia-Fernandez  and J. Junquera.                      *
*****************************************************************
*                                                               *
* Bibliography:                                                 *
*                                                               *
*  P. Garcia-Fernandez et al. Phys. Rev. B 93, 195137 (2016)    *
*  J. C. Wojdel et al., J. Phys. Cond. Matt. 25, 305401 (2013)  *
*****************************************************************
Reading parameter file... lattice... done!
Reading restart file     srtio3T40.restart                                                               

Basic data:
  Number of CPUs:               1
  Run mode:            Montecarlo
  Lattice:                 Active
  Electrons:           NOT Active
  External electric field, static. Field components (V/m):   0.000000E+00   0.000000E+00   0.000000E+00

Reference system:
 Supercell data:
  Lattice constants (Ang):   7.690   7.690   7.690
  Lattice angles (degree):  90.000  90.000  90.000
 Supercell size:   2   2   2

 Total number of atoms          :      40
 Total number of orbitals       :       0
 Total number of active orbitals:       0

 Atom in unit cell:
 Atom   Label       Mass  Charge 
    1   Sr         87.60     0.0
    2   Ti         47.90     0.0
    3   O          16.00     0.0
    4   O          16.00     0.0
    5   O          16.00     0.0

 Orbitals in unit cell:
 Orbital   Label  

 Background dielectric tensor:
    6.2319     0.0000     0.0000
    0.0000     6.2319    -0.0000
    0.0000    -0.0000     6.2319

Initial values (basic output MC simulation)
Energy (eV):            -0.298472E+05
Polarization (C/m2):     0.000000    0.000000    0.000000
Strain:                 -0.030000   -0.030000    0.000000    0.000000    0.000000    0.000000

LT:    Iter       Temp(K)    Energy(eV)   Pol_x(C/m2)   Pol_y(C/m2)   Pol_z(C/m2) Av_Pl_x(C/m2) Av_Pl_y(C/m2) Av_Pl_z(C/m2)       Strn_xx       Strn_yy       Strn_zz       Strn_yz       Strn_xz       Strn_xy    Av_Strn_xx    Av_Strn_yy    Av_Strn_zz    Av_Strn_yz    Av_Strn_xz    Av_Strn_xy 
LT:      10  0.400000E+02 -0.298471E+05  0.113685E-01  0.161498E-01 -0.138753E-01 -0.196226E-02  0.111363E-01 -0.126014E-01 -0.300000E-01 -0.300000E-01  0.212427E-02 -0.410424E-03 -0.921085E-05  0.000000E+00 -0.330000E-01 -0.330000E-01  0.154634E-02 -0.954065E-04  0.225595E-03  0.000000E+00 
LT:      20  0.400000E+02 -0.298471E+05 -0.327549E-02  0.138678E-01  0.248079E-01 -0.910709E-02  0.188019E-01 -0.135117E-02 -0.300000E-01 -0.300000E-01  0.480611E-02 -0.439572E-03 -0.141759E-02  0.000000E+00 -0.315000E-01 -0.315000E-01  0.286796E-02 -0.688489E-03  0.254679E-03  0.000000E+00 
LT:      30  0.400000E+02 -0.298472E+05  0.333705E-01 -0.915679E-02 -0.137140E-01 -0.803634E-03  0.149176E-01  0.300754E-02 -0.300000E-01 -0.300000E-01  0.782178E-02 -0.181887E-02 -0.427935E-03  0.000000E+00 -0.310000E-01 -0.310000E-01  0.394339E-02 -0.593902E-03 -0.174795E-03  0.000000E+00 
LT:      40  0.400000E+02 -0.298473E+05 -0.470698E-01  0.408916E-01 -0.511178E-02 -0.190751E-02  0.151568E-01 -0.940700E-03 -0.300000E-01 -0.300000E-01  0.135327E-01 -0.158911E-02 -0.322831E-02  0.000000E+00 -0.307500E-01 -0.307500E-01  0.557890E-02 -0.954185E-03 -0.496085E-03  0.000000E+00 
LT:      50  0.400000E+02 -0.298473E+05  0.417888E-02  0.394977E-01 -0.283772E-01 -0.177455E-02  0.204392E-01 -0.372723E-02 -0.300000E-01 -0.300000E-01  0.179261E-01  0.352813E-02 -0.358347E-02  0.000000E+00 -0.306000E-01 -0.306000E-01  0.774286E-02 -0.444222E-03 -0.116591E-02  0.000000E+00 
LT:      60  0.400000E+02 -0.298474E+05  0.127175E-01  0.240514E-02 -0.706802E-01 -0.291478E-03  0.230817E-01 -0.136441E-01 -0.300000E-01 -0.300000E-01  0.183113E-01  0.335509E-02  0.143739E-03  0.000000E+00 -0.305000E-01 -0.305000E-01  0.953857E-02  0.373800E-03 -0.110364E-02  0.000000E+00 
LT:      70  0.400000E+02 -0.298476E+05  0.482202E-02  0.231899E-01 -0.543520E-01  0.147196E-02  0.216020E-01 -0.214415E-01 -0.300000E-01 -0.300000E-01  0.189367E-01  0.362351E-02  0.305734E-02  0.000000E+00 -0.304286E-01 -0.304286E-01  0.107904E-01  0.883366E-03 -0.725992E-03  0.000000E+00 
LT:      80  0.400000E+02 -0.298477E+05 -0.153507E-01 -0.243670E-01 -0.971499E-02 -0.750565E-03  0.194577E-01 -0.225857E-01 -0.300000E-01 -0.300000E-01  0.186910E-01  0.207709E-02  0.252609E-02  0.000000E+00 -0.303750E-01 -0.303750E-01  0.117894E-01  0.113081E-02 -0.251424E-03  0.000000E+00 
LT:      90  0.400000E+02 -0.298478E+05  0.959483E-02  0.188930E-01  0.186496E-01  0.986306E-03  0.173173E-01 -0.211411E-01 -0.300000E-01 -0.300000E-01  0.196836E-01  0.101178E-02  0.270144E-02  0.000000E+00 -0.303333E-01 -0.303333E-01  0.126175E-01  0.126525E-02  0.503408E-04  0.000000E+00 
LT:     100  0.400000E+02 -0.298479E+05  0.153027E-01 -0.356095E-01 -0.140422E-01  0.851106E-03  0.151555E-01 -0.169141E-01 -0.300000E-01 -0.300000E-01  0.213907E-01  0.225444E-03  0.117998E-02  0.000000E+00 -0.303000E-01 -0.303000E-01  0.133992E-01  0.132392E-02  0.176511E-03  0.000000E+00 

Final values (basic output MC simulation)
Energy (eV):            -0.298479E+05
Polarization (C/m2):     0.015303   -0.035609   -0.014042
Strain:                 -0.030000   -0.030000    0.021391    0.000225    0.001180    0.000000

-----------------------------------------------------------------
 Backing up the input read by fdf:

System_name     srtio3T40
Print_routineinfo         5     # default value
Print_routinedepth         0     # default value
Print_inout         0     # default value
Print_interactions         0     # default value
Print_k-vectors         0     # default value
Print_energies         1     # default value
Print_wavefunctions        -1     # default value
Print_electrostatic         1     # default value
Print_orbocc         1     # default value
Print_bands        -1     # default value
Print_forces        -1     # default value
Print_detail        -1     # default value
Print_Just_Geometry        -1     # default value
Print_Velocity         0     # default value
Print_Space_Hamiltonian        -1     # default value
Print_space_denmat        -1     # default value
Print_Geometry         1     # default value
Print_geoformat     normal     # default value
Print_test_file        -1     # default value
Print_local_lattice_energy        -1     # default value
Print_local_current        -1     # default value
Print_std_electron_nsteps         1     # default value
Print_std_lattice_nsteps             10
Print_std_energy              T
Print_std_polarization              T
Print_std_current              F     # default value
Print_std_strain              T
Print_std_av_polarization              T
Print_std_av_strain              T
Print_std_av_energy              F     # default value
Print_std_delta_energy              F     # default value
Print_std_temperature              T     # default value
Print_std_maximum_force              F     # default value
Print_std_maximum_stress              F     # default value
Print_std_mdd              T     # default value
Print_std_fermi              T     # default value
Print_std_pulay              T     # default value
Print_std_neh              T     # default value
Print_std_el_pol              T     # default value
Print_std_micro              F     # default value
run_mode     monte_carlo
Print_std_mdd              F     # default value
Print_std_fermi              F     # default value
Print_std_pulay              F     # default value
Print_std_neh              F     # default value
Print_std_electron_nsteps     10000     # default value
No_electron
%block fix_strain_component
 T T F F F T
T                                                                                             T
T                                                                                             T
F                                                                                             F
F                                                                                             F
F                                                                                             F
T                                                                                             T
Parameter_file     srtio3_full_lat.xml
%block Supercell
 2 2 2
%endblock Supercell
electric_field_scale          1.000000000     v/m     # default value
%block static_electric_field
 0.0 0.0 0.0
temperature         0.1000000000E-98 kelvin     # default value
%block external_stress
 0.0 0.0 0.0 0.0 0.0 0.0
Charge_tolerance         0.1000000000E-07     # default value
Geometry_restart
Geometry_restart     srtio3T40.restart
MC_nsweeps
MC_nsweeps            100
MC_temperature
MC_temperature          40.00000000         kelvin
# above item originally: MC_temperature          40.00000000     kelvin
MC_annealing_rate          1.000000000
MC_init_step_d         0.9448629925E-01 bohr     # default value
MC_init_step_s         0.1889725985E-02 bohr     # default value
MC_max_step_d         0.9448634389           bohr
# above item originally: MC_max_step_d         0.5000000000     ang
MC_min_step_d         0.1889725985E-05 bohr     # default value
MC_target_acc_d         0.5000000000         # default value
MC_target_acc_s         0.5000000000         # default value
MC_strains              T
n_write_mc
n_write_mc             10
Print_std_lattice_nsteps
*****************************************************************
 Memory usage:
  Function             Total_memory(Mb)  Max_memory(Mb)      Node
  setup_main                     0.0256          0.0256         0
  setup_basicvariables           0.0056          0.0056         0
  setup_latt_hamil               0.0014          0.0014         0
  setup_init_data_node           0.0256          0.0256         0
  hel_setup_structfactors        0.0256          0.0256         0
  hlt_create_supercell           0.0014          0.0014         0

 Timing statistics (seconds)
  Function                       Wall   Max_Wall    Max_CPU  Node
  setup_main                     3.72       3.72       3.71     0
  setup_readinput                3.50       3.50       3.48     0
  montecarlo_main                0.21       0.21       0.21     0
  montecarlo_sweep               0.20       0.20       0.20     0
  io_readparameterfile           3.50       3.50       3.48     0
  setup_latt_hamil               0.22       0.22       0.22     0
  hlt_add_harmonic_didi          0.22       0.22       0.22     0

 Total memory usage:     0.03 MB
 Total WALL:           3.933 seconds
*****************************************************************
*                                                               *
*               Succesfully ending SCALE-UP                     *
*                                                               *
*****************************************************************
