
*****************************************************************
*                          Welcome to                           *
*                           SCALE-UP                            *
*                                                               *
*            Second-Principles Computational Approach           *
*                             for                               *
*                     Lattice and Electrons                     *
*                                                               *
*                       Version:         1.0.0.Gorbea           *
*                    Build date: 20200801T181                   *
*****************************************************************
*                    SCALE-UP is property of                    *
*              the University of Cantabria (Spain)              *
*    and the Luxembourg Institute of Science and Technology     *
*****************************************************************
* Authors:                                                      *
*                                                               *
*  - Pablo Garcia-Fernandez   garciapa@unican.es                *
*  - Jorge Iñiguez            jorge.iniguez@list.lu             *
*  - Javier Junquera          junqueraj@unican.es               *
*****************************************************************
* SCALE-UP is based on two earlier programs:                    *
*                                                               *
* -  SPLD ('Second-Principles Lattice Dynamics'), developed     *
*    at the ICMAB-CSIC (Spain) by J.C. Wojdel, M.P. Ljungberg   *
*    and J. Iñiguez, and distributed under MIT license.         *
*                                                               *
* -  MKII a second-principles electron code                     *
*    developed at the University of Cantabria by                *
*    P. Garcia-Fernandez  and J. Junquera.                      *
*****************************************************************
*                                                               *
* Bibliography:                                                 *
*                                                               *
*  P. Garcia-Fernandez et al. Phys. Rev. B 93, 195137 (2016)    *
*  J. C. Wojdel et al., J. Phys. Cond. Matt. 25, 305401 (2013)  *
*****************************************************************
Reading parameter file... lattice... done!
Reading restart file     srtio3T20.restart                                                               

Basic data:
  Number of CPUs:               1
  Run mode:            Montecarlo
  Lattice:                 Active
  Electrons:           NOT Active
  External electric field, static. Field components (V/m):   0.000000E+00   0.000000E+00   0.000000E+00

Reference system:
 Supercell data:
  Lattice constants (Ang):   7.690   7.690   7.690
  Lattice angles (degree):  90.000  90.000  90.000
 Supercell size:   2   2   2

 Total number of atoms          :      40
 Total number of orbitals       :       0
 Total number of active orbitals:       0

 Atom in unit cell:
 Atom   Label       Mass  Charge 
    1   Sr         87.60     0.0
    2   Ti         47.90     0.0
    3   O          16.00     0.0
    4   O          16.00     0.0
    5   O          16.00     0.0

 Orbitals in unit cell:
 Orbital   Label  

 Background dielectric tensor:
    6.2319     0.0000     0.0000
    0.0000     6.2319    -0.0000
    0.0000    -0.0000     6.2319

Initial values (basic output MC simulation)
Energy (eV):            -0.298472E+05
Polarization (C/m2):     0.000000    0.000000    0.000000
Strain:                  0.030000    0.030000    0.000000    0.000000    0.000000    0.000000

LT:    Iter       Temp(K)    Energy(eV)   Pol_x(C/m2)   Pol_y(C/m2)   Pol_z(C/m2) Av_Pl_x(C/m2) Av_Pl_y(C/m2) Av_Pl_z(C/m2)       Strn_xx       Strn_yy       Strn_zz       Strn_yz       Strn_xz       Strn_xy    Av_Strn_xx    Av_Strn_yy    Av_Strn_zz    Av_Strn_yz    Av_Strn_xz    Av_Strn_xy 
LT:      10  0.200000E+02 -0.298472E+05  0.483900E-02  0.160692E-01 -0.648260E-02 -0.596192E-02 -0.114620E-02 -0.100020E-01  0.300000E-01  0.300000E-01 -0.287753E-02  0.799038E-03 -0.168518E-02  0.000000E+00  0.330000E-01  0.330000E-01 -0.142209E-02  0.163949E-02 -0.135264E-02  0.000000E+00 
LT:      20  0.200000E+02 -0.298473E+05 -0.266800E-01  0.307487E-01 -0.524780E-02 -0.110733E-01  0.172482E-02 -0.109603E-01  0.300000E-01  0.300000E-01 -0.713930E-02  0.108386E-02 -0.125857E-02  0.000000E+00  0.315000E-01  0.315000E-01 -0.314375E-02  0.827715E-03 -0.113733E-02  0.000000E+00 
LT:      30  0.200000E+02 -0.298474E+05 -0.883760E-01  0.379036E-01 -0.166208E-01 -0.228517E-01  0.177426E-01 -0.127239E-01  0.300000E-01  0.300000E-01 -0.125316E-01  0.144694E-02 -0.275315E-03  0.000000E+00  0.310000E-01  0.310000E-01 -0.556969E-02  0.853450E-03 -0.100694E-02  0.000000E+00 
LT:      40  0.200000E+02 -0.298475E+05 -0.214676E+00  0.184156E+00 -0.159328E-01 -0.591807E-01  0.391282E-01 -0.124340E-01  0.300000E-01  0.300000E-01 -0.159942E-01 -0.971723E-04  0.157144E-03  0.000000E+00  0.307500E-01  0.307500E-01 -0.760036E-02  0.819894E-03 -0.712713E-03  0.000000E+00 
LT:      50  0.200000E+02 -0.298475E+05 -0.270657E+00  0.207556E+00 -0.193793E-01 -0.966711E-01  0.691595E-01 -0.120627E-01  0.300000E-01  0.300000E-01 -0.183553E-01 -0.412373E-02 -0.904627E-04  0.000000E+00  0.306000E-01  0.306000E-01 -0.966955E-02  0.224522E-03 -0.490771E-03  0.000000E+00 
LT:      60  0.200000E+02 -0.298475E+05 -0.259451E+00  0.215568E+00 -0.148669E-01 -0.121203E+00  0.940116E-01 -0.133726E-01  0.300000E-01  0.300000E-01 -0.163034E-01 -0.380447E-02 -0.200881E-02  0.000000E+00  0.305000E-01  0.305000E-01 -0.108013E-01 -0.490300E-03 -0.552967E-03  0.000000E+00 
LT:      70  0.200000E+02 -0.298476E+05 -0.216639E+00  0.233497E+00  0.709987E-02 -0.138193E+00  0.113990E+00 -0.118725E-01  0.300000E-01  0.300000E-01 -0.207129E-01 -0.275496E-03 -0.376686E-03  0.000000E+00  0.304286E-01  0.304286E-01 -0.119737E-01 -0.730868E-03 -0.729060E-03  0.000000E+00 
LT:      80  0.200000E+02 -0.298476E+05 -0.255546E+00  0.214326E+00 -0.578906E-02 -0.149819E+00  0.130572E+00 -0.109734E-01  0.300000E-01  0.300000E-01 -0.191445E-01  0.208479E-02 -0.144848E-03  0.000000E+00  0.303750E-01  0.303750E-01 -0.129307E-01 -0.500428E-03 -0.800479E-03  0.000000E+00 
LT:      90  0.200000E+02 -0.298476E+05 -0.235875E+00  0.219114E+00  0.110020E-01 -0.159533E+00  0.140718E+00 -0.878745E-02  0.300000E-01  0.300000E-01 -0.198455E-01  0.304771E-02  0.712262E-03  0.000000E+00  0.303333E-01  0.303333E-01 -0.137469E-01 -0.492863E-05 -0.558919E-03  0.000000E+00 
LT:     100  0.200000E+02 -0.298476E+05 -0.199609E+00  0.206018E+00  0.268258E-02 -0.165232E+00  0.147273E+00 -0.815478E-02  0.300000E-01  0.300000E-01 -0.214898E-01  0.358775E-02  0.172264E-02  0.000000E+00  0.303000E-01  0.303000E-01 -0.144243E-01  0.651583E-04 -0.305628E-03  0.000000E+00 

Final values (basic output MC simulation)
Energy (eV):            -0.298476E+05
Polarization (C/m2):    -0.199609    0.206018    0.002683
Strain:                  0.030000    0.030000   -0.021490    0.003588    0.001723    0.000000

-----------------------------------------------------------------
 Backing up the input read by fdf:

System_name     srtio3T20
Print_routineinfo         5     # default value
Print_routinedepth         0     # default value
Print_inout         0     # default value
Print_interactions         0     # default value
Print_k-vectors         0     # default value
Print_energies         1     # default value
Print_wavefunctions        -1     # default value
Print_electrostatic         1     # default value
Print_orbocc         1     # default value
Print_bands        -1     # default value
Print_forces        -1     # default value
Print_detail        -1     # default value
Print_Just_Geometry        -1     # default value
Print_Velocity         0     # default value
Print_Space_Hamiltonian        -1     # default value
Print_space_denmat        -1     # default value
Print_Geometry         1     # default value
Print_geoformat     normal     # default value
Print_test_file        -1     # default value
Print_local_lattice_energy        -1     # default value
Print_local_current        -1     # default value
Print_std_electron_nsteps         1     # default value
Print_std_lattice_nsteps             10
Print_std_energy              T
Print_std_polarization              T
Print_std_current              F     # default value
Print_std_strain              T
Print_std_av_polarization              T
Print_std_av_strain              T
Print_std_av_energy              F     # default value
Print_std_delta_energy              F     # default value
Print_std_temperature              T     # default value
Print_std_maximum_force              F     # default value
Print_std_maximum_stress              F     # default value
Print_std_mdd              T     # default value
Print_std_fermi              T     # default value
Print_std_pulay              T     # default value
Print_std_neh              T     # default value
Print_std_el_pol              T     # default value
Print_std_micro              F     # default value
run_mode     monte_carlo
Print_std_mdd              F     # default value
Print_std_fermi              F     # default value
Print_std_pulay              F     # default value
Print_std_neh              F     # default value
Print_std_electron_nsteps     10000     # default value
No_electron
%block fix_strain_component
 T T F F F T
T                                                                                             T
T                                                                                             T
F                                                                                             F
F                                                                                             F
F                                                                                             F
T                                                                                             T
Parameter_file     srtio3_full_lat.xml
%block Supercell
 2 2 2
%endblock Supercell
electric_field_scale          1.000000000     v/m     # default value
%block static_electric_field
 0.0 0.0 0.0
temperature         0.1000000000E-98 kelvin     # default value
%block external_stress
 0.0 0.0 0.0 0.0 0.0 0.0
Charge_tolerance         0.1000000000E-07     # default value
Geometry_restart
Geometry_restart     srtio3T20.restart
MC_nsweeps
MC_nsweeps            100
MC_temperature
MC_temperature          20.00000000         kelvin
# above item originally: MC_temperature          20.00000000     kelvin
MC_annealing_rate          1.000000000
MC_init_step_d         0.9448629925E-01 bohr     # default value
MC_init_step_s         0.1889725985E-02 bohr     # default value
MC_max_step_d         0.9448634389           bohr
# above item originally: MC_max_step_d         0.5000000000     ang
MC_min_step_d         0.1889725985E-05 bohr     # default value
MC_target_acc_d         0.5000000000         # default value
MC_target_acc_s         0.5000000000         # default value
MC_strains              T
n_write_mc
n_write_mc             10
Print_std_lattice_nsteps
*****************************************************************
 Memory usage:
  Function             Total_memory(Mb)  Max_memory(Mb)      Node
  setup_main                     0.0256          0.0256         0
  setup_basicvariables           0.0056          0.0056         0
  setup_latt_hamil               0.0014          0.0014         0
  setup_init_data_node           0.0256          0.0256         0
  hel_setup_structfactors        0.0256          0.0256         0
  hlt_create_supercell           0.0014          0.0014         0

 Timing statistics (seconds)
  Function                       Wall   Max_Wall    Max_CPU  Node
  setup_main                     3.75       3.75       3.75     0
  setup_readinput                3.53       3.53       3.52     0
  montecarlo_main                0.22       0.22       0.21     0
  montecarlo_sweep               0.21       0.21       0.21     0
  io_readparameterfile           3.53       3.53       3.52     0
  setup_latt_hamil               0.22       0.22       0.22     0
  hlt_add_harmonic_didi          0.22       0.22       0.22     0

 Total memory usage:     0.03 MB
 Total WALL:           3.969 seconds
*****************************************************************
*                                                               *
*               Succesfully ending SCALE-UP                     *
*                                                               *
*****************************************************************
