
*****************************************************************
*                          Welcome to                           *
*                           SCALE-UP                            *
*                                                               *
*            Second-Principles Computational Approach           *
*                             for                               *
*                     Lattice and Electrons                     *
*                                                               *
*                       Version:         1.0.0.Gorbea           *
*                    Build date: 20200801T181                   *
*****************************************************************
*                    SCALE-UP is property of                    *
*              the University of Cantabria (Spain)              *
*    and the Luxembourg Institute of Science and Technology     *
*****************************************************************
* Authors:                                                      *
*                                                               *
*  - Pablo Garcia-Fernandez   garciapa@unican.es                *
*  - Jorge Iñiguez            jorge.iniguez@list.lu             *
*  - Javier Junquera          junqueraj@unican.es               *
*****************************************************************
* SCALE-UP is based on two earlier programs:                    *
*                                                               *
* -  SPLD ('Second-Principles Lattice Dynamics'), developed     *
*    at the ICMAB-CSIC (Spain) by J.C. Wojdel, M.P. Ljungberg   *
*    and J. Iñiguez, and distributed under MIT license.         *
*                                                               *
* -  MKII a second-principles electron code                     *
*    developed at the University of Cantabria by                *
*    P. Garcia-Fernandez  and J. Junquera.                      *
*****************************************************************
*                                                               *
* Bibliography:                                                 *
*                                                               *
*  P. Garcia-Fernandez et al. Phys. Rev. B 93, 195137 (2016)    *
*  J. C. Wojdel et al., J. Phys. Cond. Matt. 25, 305401 (2013)  *
*****************************************************************
Reading parameter file... lattice... done!
Reading restart file     srtio3T20.restart                                                               

Basic data:
  Number of CPUs:               1
  Run mode:            Montecarlo
  Lattice:                 Active
  Electrons:           NOT Active
  External electric field, static. Field components (V/m):   0.000000E+00   0.000000E+00   0.000000E+00

Reference system:
 Supercell data:
  Lattice constants (Ang):   7.690   7.690   7.690
  Lattice angles (degree):  90.000  90.000  90.000
 Supercell size:   2   2   2

 Total number of atoms          :      40
 Total number of orbitals       :       0
 Total number of active orbitals:       0

 Atom in unit cell:
 Atom   Label       Mass  Charge 
    1   Sr         87.60     0.0
    2   Ti         47.90     0.0
    3   O          16.00     0.0
    4   O          16.00     0.0
    5   O          16.00     0.0

 Orbitals in unit cell:
 Orbital   Label  

 Background dielectric tensor:
    6.2319     0.0000     0.0000
    0.0000     6.2319    -0.0000
    0.0000    -0.0000     6.2319

Initial values (basic output MC simulation)
Energy (eV):            -0.298475E+05
Polarization (C/m2):    -0.000589   -0.004390   -0.004827
Strain:                 -0.030000   -0.030000    0.000000    0.000000    0.000000    0.000000

LT:    Iter       Temp(K)    Energy(eV)   Pol_x(C/m2)   Pol_y(C/m2)   Pol_z(C/m2) Av_Pl_x(C/m2) Av_Pl_y(C/m2) Av_Pl_z(C/m2)       Strn_xx       Strn_yy       Strn_zz       Strn_yz       Strn_xz       Strn_xy    Av_Strn_xx    Av_Strn_yy    Av_Strn_zz    Av_Strn_yz    Av_Strn_xz    Av_Strn_xy 
LT:      10  0.200000E+02 -0.298475E+05 -0.181353E-02  0.781794E-02 -0.371187E-01  0.364347E-02 -0.627033E-02 -0.228675E-01 -0.300000E-01 -0.300000E-01  0.300599E-02 -0.487713E-02 -0.119374E-02  0.000000E+00 -0.330000E-01 -0.330000E-01  0.178325E-02 -0.229942E-02 -0.449912E-03  0.000000E+00 
LT:      20  0.200000E+02 -0.298475E+05  0.114175E-01  0.385732E-01  0.664012E-02  0.155327E-02  0.827044E-02 -0.282966E-01 -0.300000E-01 -0.300000E-01  0.501853E-02 -0.263285E-02  0.537201E-03  0.000000E+00 -0.315000E-01 -0.315000E-01  0.290036E-02 -0.333796E-02 -0.659748E-03  0.000000E+00 
LT:      30  0.200000E+02 -0.298475E+05  0.228050E-01 -0.312229E-01  0.968003E-03  0.110290E-01  0.899014E-02 -0.140040E-01 -0.300000E-01 -0.300000E-01  0.647247E-02 -0.171503E-02  0.181159E-03  0.000000E+00 -0.310000E-01 -0.310000E-01  0.383699E-02 -0.288547E-02 -0.410907E-03  0.000000E+00 
LT:      40  0.200000E+02 -0.298475E+05  0.164074E-01  0.724287E-02  0.416011E-02  0.161528E-01  0.539449E-02 -0.112411E-01 -0.300000E-01 -0.300000E-01  0.884903E-02 -0.429271E-03 -0.427610E-03  0.000000E+00 -0.307500E-01 -0.307500E-01  0.466447E-02 -0.237814E-02 -0.608337E-03  0.000000E+00 
LT:      50  0.200000E+02 -0.298475E+05  0.147933E-01 -0.266001E-01  0.197435E-02  0.151652E-01  0.158948E-02 -0.967387E-02 -0.300000E-01 -0.300000E-01  0.116031E-01  0.106709E-02 -0.337408E-02  0.000000E+00 -0.306000E-01 -0.306000E-01  0.564232E-02 -0.172901E-02 -0.842531E-03  0.000000E+00 
LT:      60  0.200000E+02 -0.298475E+05  0.149773E-01  0.161701E-01 -0.242411E-01  0.122109E-01  0.533095E-03 -0.123685E-01 -0.300000E-01 -0.300000E-01  0.152848E-01 -0.228715E-03 -0.246146E-02  0.000000E+00 -0.305000E-01 -0.305000E-01  0.711757E-02 -0.139504E-02 -0.111784E-02  0.000000E+00 
LT:      70  0.200000E+02 -0.298476E+05 -0.880424E-03  0.248844E-01 -0.180585E-01  0.892440E-02  0.292641E-02 -0.131142E-01 -0.300000E-01 -0.300000E-01  0.131315E-01  0.267916E-02 -0.469061E-02  0.000000E+00 -0.304286E-01 -0.304286E-01  0.806558E-02 -0.117190E-02 -0.167724E-02  0.000000E+00 
LT:      80  0.200000E+02 -0.298476E+05  0.516170E-02  0.134471E-01 -0.210944E-01  0.946873E-02  0.443189E-02 -0.143793E-01 -0.300000E-01 -0.300000E-01  0.132699E-01  0.848682E-04  0.661059E-03  0.000000E+00 -0.303750E-01 -0.303750E-01  0.871825E-02 -0.785888E-03 -0.161735E-02  0.000000E+00 
LT:      90  0.200000E+02 -0.298477E+05  0.637449E-02  0.169230E-01 -0.294895E-01  0.853365E-02  0.585592E-02 -0.148071E-01 -0.300000E-01 -0.300000E-01  0.175147E-01 -0.637537E-02  0.370244E-02  0.000000E+00 -0.303333E-01 -0.303333E-01  0.934155E-02 -0.120394E-02 -0.112340E-02  0.000000E+00 
LT:     100  0.200000E+02 -0.298478E+05  0.103350E-01  0.634012E-02  0.267785E-02  0.822653E-02  0.574520E-02 -0.138055E-01 -0.300000E-01 -0.300000E-01  0.175458E-01 -0.695035E-03  0.140096E-02  0.000000E+00 -0.303000E-01 -0.303000E-01  0.102516E-01 -0.147264E-02 -0.953920E-03  0.000000E+00 

Final values (basic output MC simulation)
Energy (eV):            -0.298478E+05
Polarization (C/m2):     0.010335    0.006340    0.002678
Strain:                 -0.030000   -0.030000    0.017546   -0.000695    0.001401    0.000000

-----------------------------------------------------------------
 Backing up the input read by fdf:

System_name     srtio3T20
Print_routineinfo         5     # default value
Print_routinedepth         0     # default value
Print_inout         0     # default value
Print_interactions         0     # default value
Print_k-vectors         0     # default value
Print_energies         1     # default value
Print_wavefunctions        -1     # default value
Print_electrostatic         1     # default value
Print_orbocc         1     # default value
Print_bands        -1     # default value
Print_forces        -1     # default value
Print_detail        -1     # default value
Print_Just_Geometry        -1     # default value
Print_Velocity         0     # default value
Print_Space_Hamiltonian        -1     # default value
Print_space_denmat        -1     # default value
Print_Geometry         1     # default value
Print_geoformat     normal     # default value
Print_test_file        -1     # default value
Print_local_lattice_energy        -1     # default value
Print_local_current        -1     # default value
Print_std_electron_nsteps         1     # default value
Print_std_lattice_nsteps             10
Print_std_energy              T
Print_std_polarization              T
Print_std_current              F     # default value
Print_std_strain              T
Print_std_av_polarization              T
Print_std_av_strain              T
Print_std_av_energy              F     # default value
Print_std_delta_energy              F     # default value
Print_std_temperature              T     # default value
Print_std_maximum_force              F     # default value
Print_std_maximum_stress              F     # default value
Print_std_mdd              T     # default value
Print_std_fermi              T     # default value
Print_std_pulay              T     # default value
Print_std_neh              T     # default value
Print_std_el_pol              T     # default value
Print_std_micro              F     # default value
run_mode     monte_carlo
Print_std_mdd              F     # default value
Print_std_fermi              F     # default value
Print_std_pulay              F     # default value
Print_std_neh              F     # default value
Print_std_electron_nsteps     10000     # default value
No_electron
%block fix_strain_component
 T T F F F T
T                                                                                             T
T                                                                                             T
F                                                                                             F
F                                                                                             F
F                                                                                             F
T                                                                                             T
Parameter_file     srtio3_full_lat.xml
%block Supercell
 2 2 2
%endblock Supercell
electric_field_scale          1.000000000     v/m     # default value
%block static_electric_field
 0.0 0.0 0.0
temperature         0.1000000000E-98 kelvin     # default value
%block external_stress
 0.0 0.0 0.0 0.0 0.0 0.0
Charge_tolerance         0.1000000000E-07     # default value
Geometry_restart
Geometry_restart     srtio3T20.restart
MC_nsweeps
MC_nsweeps            100
MC_temperature
MC_temperature          20.00000000         kelvin
# above item originally: MC_temperature          20.00000000     kelvin
MC_annealing_rate          1.000000000
MC_init_step_d         0.9448629925E-01 bohr     # default value
MC_init_step_s         0.1889725985E-02 bohr     # default value
MC_max_step_d         0.9448634389           bohr
# above item originally: MC_max_step_d         0.5000000000     ang
MC_min_step_d         0.1889725985E-05 bohr     # default value
MC_target_acc_d         0.5000000000         # default value
MC_target_acc_s         0.5000000000         # default value
MC_strains              T
n_write_mc
n_write_mc             10
Print_std_lattice_nsteps
*****************************************************************
 Memory usage:
  Function             Total_memory(Mb)  Max_memory(Mb)      Node
  setup_main                     0.0256          0.0256         0
  setup_basicvariables           0.0056          0.0056         0
  setup_latt_hamil               0.0014          0.0014         0
  setup_init_data_node           0.0256          0.0256         0
  hel_setup_structfactors        0.0256          0.0256         0
  hlt_create_supercell           0.0014          0.0014         0

 Timing statistics (seconds)
  Function                       Wall   Max_Wall    Max_CPU  Node
  setup_main                     3.74       3.74       3.73     0
  setup_readinput                3.52       3.52       3.51     0
  montecarlo_main                0.21       0.21       0.21     0
  montecarlo_sweep               0.21       0.21       0.20     0
  io_readparameterfile           3.52       3.52       3.51     0
  setup_latt_hamil               0.22       0.22       0.22     0
  hlt_add_harmonic_didi          0.22       0.22       0.22     0

 Total memory usage:     0.03 MB
 Total WALL:           3.950 seconds
*****************************************************************
*                                                               *
*               Succesfully ending SCALE-UP                     *
*                                                               *
*****************************************************************
